Archive member included to satisfy reference by file (symbol)

/opt/riscv/lib/gcc/riscv64-unknown-elf/15.1.0/../../../../riscv64-unknown-elf/lib/rv32im/ilp32/libc.a(libc_a-memset.o)
                              test_mul.o (memset)
/opt/riscv/lib/gcc/riscv64-unknown-elf/15.1.0/rv32im/ilp32/libgcc.a(_udivdi3.o)
                              ../../libs/soc/utils.o (__udivdi3)
/opt/riscv/lib/gcc/riscv64-unknown-elf/15.1.0/rv32im/ilp32/libgcc.a(_clz.o)
                              /opt/riscv/lib/gcc/riscv64-unknown-elf/15.1.0/rv32im/ilp32/libgcc.a(_udivdi3.o) (__clz_tab)

Discarded input sections

 .text          0x00000000        0x0 test_mul.o
 .data          0x00000000        0x0 test_mul.o
 .bss           0x00000000        0x0 test_mul.o
 .text          0x00000000        0x0 polyvec.o
 .data          0x00000000        0x0 polyvec.o
 .bss           0x00000000        0x0 polyvec.o
 .text.pqcrystals_dilithium2_ref_polyvecl_uniform_eta
                0x00000000       0x70 polyvec.o
 .text.pqcrystals_dilithium2_ref_polyvecl_freeze
                0x00000000       0x44 polyvec.o
 .text.pqcrystals_dilithium2_ref_polyveck_uniform_eta
                0x00000000       0x70 polyvec.o
 .text.pqcrystals_dilithium2_ref_polyveck_freeze
                0x00000000       0x44 polyvec.o
 .text.pqcrystals_dilithium2_ref_polyveck_shiftl
                0x00000000       0x44 polyvec.o
 .text.pqcrystals_dilithium2_ref_polyveck_power2round
                0x00000000       0x6c polyvec.o
 .text.pqcrystals_dilithium2_ref_polyveck_use_hint
                0x00000000       0x6c polyvec.o
 .text          0x00000000        0x0 poly.o
 .data          0x00000000        0x0 poly.o
 .bss           0x00000000        0x0 poly.o
 .text.rej_eta  0x00000000       0xb0 poly.o
 .text.pqcrystals_dilithium2_ref_poly_freeze
                0x00000000       0x44 poly.o
 .text.pqcrystals_dilithium2_ref_poly_shiftl
                0x00000000       0x1c poly.o
 .text.pqcrystals_dilithium2_ref_poly_power2round
                0x00000000       0x74 poly.o
 .text.pqcrystals_dilithium2_ref_poly_use_hint
                0x00000000       0x78 poly.o
 .text.pqcrystals_dilithium2_ref_poly_uniform_eta
                0x00000000       0xf4 poly.o
 .text.pqcrystals_dilithium2_ref_polyeta_pack
                0x00000000       0xbc poly.o
 .text.pqcrystals_dilithium2_ref_polyt1_pack
                0x00000000       0x70 poly.o
 .text.pqcrystals_dilithium2_ref_polyt1_unpack
                0x00000000       0x7c poly.o
 .text.pqcrystals_dilithium2_ref_polyt0_pack
                0x00000000       0xf8 poly.o
 .text          0x00000000        0x0 ntt.o
 .data          0x00000000        0x0 ntt.o
 .bss           0x00000000        0x0 ntt.o
 .text          0x00000000        0x0 reduce.o
 .data          0x00000000        0x0 reduce.o
 .bss           0x00000000        0x0 reduce.o
 .text.pqcrystals_dilithium2_ref_freeze
                0x00000000       0x30 reduce.o
 .text          0x00000000        0x0 fips202.o
 .data          0x00000000        0x0 fips202.o
 .bss           0x00000000        0x0 fips202.o
 .text.pqcrystals_fips202_ref_shake128_squeeze
                0x00000000       0x34 fips202.o
 .text.pqcrystals_fips202_ref_shake128
                0x00000000       0x8c fips202.o
 .text.pqcrystals_fips202_ref_sha3_256
                0x00000000       0xa8 fips202.o
 .text.pqcrystals_fips202_ref_sha3_512
                0x00000000       0xa8 fips202.o
 .text          0x00000000        0x0 sign.o
 .data          0x00000000        0x0 sign.o
 .bss           0x00000000        0x0 sign.o
 .text.pqcrystals_dilithium2_ref_keypair
                0x00000000      0x200 sign.o
 .text.pqcrystals_dilithium2_ref_verify
                0x00000000      0x338 sign.o
 .text.pqcrystals_dilithium2_ref_open
                0x00000000       0xf8 sign.o
 .text          0x00000000        0x0 packing.o
 .data          0x00000000        0x0 packing.o
 .bss           0x00000000        0x0 packing.o
 .text.pqcrystals_dilithium2_ref_pack_pk
                0x00000000       0x74 packing.o
 .text.pqcrystals_dilithium2_ref_unpack_pk
                0x00000000       0x6c packing.o
 .text.pqcrystals_dilithium2_ref_pack_sk
                0x00000000      0x124 packing.o
 .text.pqcrystals_dilithium2_ref_unpack_sig
                0x00000000      0x168 packing.o
 .text          0x00000000        0x0 rounding.o
 .data          0x00000000        0x0 rounding.o
 .bss           0x00000000        0x0 rounding.o
 .text.pqcrystals_dilithium2_ref_power2round
                0x00000000       0x24 rounding.o
 .text.pqcrystals_dilithium2_ref_use_hint
                0x00000000       0x64 rounding.o
 .text          0x00000000        0x0 symmetric-shake.o
 .data          0x00000000        0x0 symmetric-shake.o
 .bss           0x00000000        0x0 symmetric-shake.o
 .text          0x00000000        0x0 ../../libs/soc/gpio.o
 .data          0x00000000        0x0 ../../libs/soc/gpio.o
 .bss           0x00000000        0x0 ../../libs/soc/gpio.o
 .text.gpio_init
                0x00000000        0x8 ../../libs/soc/gpio.o
 .text.gpio_set_direction
                0x00000000        0xc ../../libs/soc/gpio.o
 .text.gpio_get_input
                0x00000000        0xc ../../libs/soc/gpio.o
 .text.gpio_set_output
                0x00000000        0xc ../../libs/soc/gpio.o
 .text.gpio_set_pin
                0x00000000       0x1c ../../libs/soc/gpio.o
 .text.gpio_clear_pin
                0x00000000       0x20 ../../libs/soc/gpio.o
 .debug_info    0x00000000      0x1ec ../../libs/soc/gpio.o
 .debug_abbrev  0x00000000       0xe9 ../../libs/soc/gpio.o
 .debug_loclists
                0x00000000       0x29 ../../libs/soc/gpio.o
 .debug_aranges
                0x00000000       0x48 ../../libs/soc/gpio.o
 .debug_rnglists
                0x00000000       0x31 ../../libs/soc/gpio.o
 .debug_line    0x00000000      0x177 ../../libs/soc/gpio.o
 .debug_str     0x00000000      0x1d2 ../../libs/soc/gpio.o
 .debug_line_str
                0x00000000       0xd0 ../../libs/soc/gpio.o
 .comment       0x00000000       0x1c ../../libs/soc/gpio.o
 .note.GNU-stack
                0x00000000        0x0 ../../libs/soc/gpio.o
 .debug_frame   0x00000000       0x70 ../../libs/soc/gpio.o
 .riscv.attributes
                0x00000000       0x33 ../../libs/soc/gpio.o
 .text          0x00000000        0x0 ../../libs/soc/timer.o
 .data          0x00000000        0x0 ../../libs/soc/timer.o
 .bss           0x00000000        0x0 ../../libs/soc/timer.o
 .text.timer_init
                0x00000000        0x8 ../../libs/soc/timer.o
 .text.timer_reset
                0x00000000       0x10 ../../libs/soc/timer.o
 .text.timer_start
                0x00000000       0x10 ../../libs/soc/timer.o
 .text.timer_stop
                0x00000000        0xc ../../libs/soc/timer.o
 .text.timer_clear
                0x00000000       0x14 ../../libs/soc/timer.o
 .text.timer_get_count
                0x00000000        0xc ../../libs/soc/timer.o
 .text.timer_set_count
                0x00000000        0xc ../../libs/soc/timer.o
 .debug_info    0x00000000      0x1cf ../../libs/soc/timer.o
 .debug_abbrev  0x00000000       0xd7 ../../libs/soc/timer.o
 .debug_loclists
                0x00000000       0x29 ../../libs/soc/timer.o
 .debug_aranges
                0x00000000       0x50 ../../libs/soc/timer.o
 .debug_rnglists
                0x00000000       0x37 ../../libs/soc/timer.o
 .debug_line    0x00000000      0x18c ../../libs/soc/timer.o
 .debug_str     0x00000000      0x1c4 ../../libs/soc/timer.o
 .debug_line_str
                0x00000000       0xd3 ../../libs/soc/timer.o
 .comment       0x00000000       0x1c ../../libs/soc/timer.o
 .note.GNU-stack
                0x00000000        0x0 ../../libs/soc/timer.o
 .debug_frame   0x00000000       0x80 ../../libs/soc/timer.o
 .riscv.attributes
                0x00000000       0x33 ../../libs/soc/timer.o
 .text          0x00000000        0x0 ../../libs/soc/uart.o
 .data          0x00000000        0x0 ../../libs/soc/uart.o
 .bss           0x00000000        0x0 ../../libs/soc/uart.o
 .text.uart_init
                0x00000000        0x8 ../../libs/soc/uart.o
 .text.uart_configure
                0x00000000        0xc ../../libs/soc/uart.o
 .text.uart_tx_ready
                0x00000000       0x14 ../../libs/soc/uart.o
 .text.uart_tx  0x00000000        0xc ../../libs/soc/uart.o
 .text.uart_tx_string
                0x00000000       0x30 ../../libs/soc/uart.o
 .text.uart_rx_ready
                0x00000000       0x10 ../../libs/soc/uart.o
 .text.uart_rx  0x00000000       0x10 ../../libs/soc/uart.o
 .text.uart_rx_line
                0x00000000       0x40 ../../libs/soc/uart.o
 .text.uart_set_baudrate
                0x00000000       0x10 ../../libs/soc/uart.o
 .text.uart_putchar
                0x00000000       0x20 ../../libs/soc/uart.o
 .text.qprintchar
                0x00000000       0x3c ../../libs/soc/uart.o
 .text.qprints  0x00000000      0x16c ../../libs/soc/uart.o
 .text.qprinti  0x00000000      0x1f4 ../../libs/soc/uart.o
 .text.uart_puts
                0x00000000       0x78 ../../libs/soc/uart.o
 .rodata.uart_printf.str1.4
                0x00000000        0x7 ../../libs/soc/uart.o
 .text.uart_printf
                0x00000000      0x2f8 ../../libs/soc/uart.o
 .rodata.uart_printf
                0x00000000       0x84 ../../libs/soc/uart.o
 .data.remu10_table
                0x00000000       0x10 ../../libs/soc/uart.o
 .debug_info    0x00000000      0xb28 ../../libs/soc/uart.o
 .debug_abbrev  0x00000000      0x3b0 ../../libs/soc/uart.o
 .debug_loclists
                0x00000000      0xbea ../../libs/soc/uart.o
 .debug_aranges
                0x00000000       0x90 ../../libs/soc/uart.o
 .debug_rnglists
                0x00000000       0xc7 ../../libs/soc/uart.o
 .debug_line    0x00000000      0xe2f ../../libs/soc/uart.o
 .debug_str     0x00000000      0x2cc ../../libs/soc/uart.o
 .debug_line_str
                0x00000000      0x10f ../../libs/soc/uart.o
 .comment       0x00000000       0x1c ../../libs/soc/uart.o
 .note.GNU-stack
                0x00000000        0x0 ../../libs/soc/uart.o
 .debug_frame   0x00000000      0x1f8 ../../libs/soc/uart.o
 .riscv.attributes
                0x00000000       0x33 ../../libs/soc/uart.o
 .text          0x00000000        0x0 ../../libs/soc/utils.o
 .data          0x00000000        0x0 ../../libs/soc/utils.o
 .bss           0x00000000        0x0 ../../libs/soc/utils.o
 .text.usleep   0x00000000       0x54 ../../libs/soc/utils.o
 .text.pcount_reset
                0x00000000       0xfc ../../libs/soc/utils.o
 .text.mtime_stop
                0x00000000        0xc ../../libs/soc/utils.o
 .text.mtime_start
                0x00000000        0xc ../../libs/soc/utils.o
 .text.mtime_get32
                0x00000000       0x18 ../../libs/soc/utils.o
 .text.mtime_get64
                0x00000000       0x5c ../../libs/soc/utils.o
 .text.cc2us    0x00000000       0xa0 ../../libs/soc/utils.o
 .debug_info    0x00000000      0x249 ../../libs/soc/utils.o
 .debug_abbrev  0x00000000      0x15e ../../libs/soc/utils.o
 .debug_loclists
                0x00000000      0x113 ../../libs/soc/utils.o
 .debug_aranges
                0x00000000       0x50 ../../libs/soc/utils.o
 .debug_rnglists
                0x00000000       0x45 ../../libs/soc/utils.o
 .debug_line    0x00000000      0x1ed ../../libs/soc/utils.o
 .debug_str     0x00000000      0x1f1 ../../libs/soc/utils.o
 .debug_line_str
                0x00000000       0xcb ../../libs/soc/utils.o
 .comment       0x00000000       0x1c ../../libs/soc/utils.o
 .note.GNU-stack
                0x00000000        0x0 ../../libs/soc/utils.o
 .debug_frame   0x00000000       0x9c ../../libs/soc/utils.o
 .riscv.attributes
                0x00000000       0x37 ../../libs/soc/utils.o
 .data          0x00000000        0x0 crt0.o
 .bss           0x00000000        0x0 crt0.o
 .data          0x00000000        0x0 /opt/riscv/lib/gcc/riscv64-unknown-elf/15.1.0/../../../../riscv64-unknown-elf/lib/rv32im/ilp32/libc.a(libc_a-memset.o)
 .bss           0x00000000        0x0 /opt/riscv/lib/gcc/riscv64-unknown-elf/15.1.0/../../../../riscv64-unknown-elf/lib/rv32im/ilp32/libc.a(libc_a-memset.o)
 .text          0x00000000      0x3ec /opt/riscv/lib/gcc/riscv64-unknown-elf/15.1.0/rv32im/ilp32/libgcc.a(_udivdi3.o)
 .data          0x00000000        0x0 /opt/riscv/lib/gcc/riscv64-unknown-elf/15.1.0/rv32im/ilp32/libgcc.a(_udivdi3.o)
 .bss           0x00000000        0x0 /opt/riscv/lib/gcc/riscv64-unknown-elf/15.1.0/rv32im/ilp32/libgcc.a(_udivdi3.o)
 .debug_info    0x00000000      0x850 /opt/riscv/lib/gcc/riscv64-unknown-elf/15.1.0/rv32im/ilp32/libgcc.a(_udivdi3.o)
 .debug_abbrev  0x00000000      0x1ad /opt/riscv/lib/gcc/riscv64-unknown-elf/15.1.0/rv32im/ilp32/libgcc.a(_udivdi3.o)
 .debug_loclists
                0x00000000      0xb98 /opt/riscv/lib/gcc/riscv64-unknown-elf/15.1.0/rv32im/ilp32/libgcc.a(_udivdi3.o)
 .debug_aranges
                0x00000000       0x20 /opt/riscv/lib/gcc/riscv64-unknown-elf/15.1.0/rv32im/ilp32/libgcc.a(_udivdi3.o)
 .debug_rnglists
                0x00000000       0x9c /opt/riscv/lib/gcc/riscv64-unknown-elf/15.1.0/rv32im/ilp32/libgcc.a(_udivdi3.o)
 .debug_line    0x00000000      0xb27 /opt/riscv/lib/gcc/riscv64-unknown-elf/15.1.0/rv32im/ilp32/libgcc.a(_udivdi3.o)
 .debug_str     0x00000000      0x273 /opt/riscv/lib/gcc/riscv64-unknown-elf/15.1.0/rv32im/ilp32/libgcc.a(_udivdi3.o)
 .debug_line_str
                0x00000000       0xb6 /opt/riscv/lib/gcc/riscv64-unknown-elf/15.1.0/rv32im/ilp32/libgcc.a(_udivdi3.o)
 .comment       0x00000000       0x1c /opt/riscv/lib/gcc/riscv64-unknown-elf/15.1.0/rv32im/ilp32/libgcc.a(_udivdi3.o)
 .note.GNU-stack
                0x00000000        0x0 /opt/riscv/lib/gcc/riscv64-unknown-elf/15.1.0/rv32im/ilp32/libgcc.a(_udivdi3.o)
 .eh_frame      0x00000000       0x28 /opt/riscv/lib/gcc/riscv64-unknown-elf/15.1.0/rv32im/ilp32/libgcc.a(_udivdi3.o)
 .riscv.attributes
                0x00000000       0x2a /opt/riscv/lib/gcc/riscv64-unknown-elf/15.1.0/rv32im/ilp32/libgcc.a(_udivdi3.o)
 .text          0x00000000        0x0 /opt/riscv/lib/gcc/riscv64-unknown-elf/15.1.0/rv32im/ilp32/libgcc.a(_clz.o)
 .data          0x00000000        0x0 /opt/riscv/lib/gcc/riscv64-unknown-elf/15.1.0/rv32im/ilp32/libgcc.a(_clz.o)
 .bss           0x00000000        0x0 /opt/riscv/lib/gcc/riscv64-unknown-elf/15.1.0/rv32im/ilp32/libgcc.a(_clz.o)
 .rodata        0x00000000      0x100 /opt/riscv/lib/gcc/riscv64-unknown-elf/15.1.0/rv32im/ilp32/libgcc.a(_clz.o)
 .debug_info    0x00000000       0xf2 /opt/riscv/lib/gcc/riscv64-unknown-elf/15.1.0/rv32im/ilp32/libgcc.a(_clz.o)
 .debug_abbrev  0x00000000       0x76 /opt/riscv/lib/gcc/riscv64-unknown-elf/15.1.0/rv32im/ilp32/libgcc.a(_clz.o)
 .debug_aranges
                0x00000000       0x18 /opt/riscv/lib/gcc/riscv64-unknown-elf/15.1.0/rv32im/ilp32/libgcc.a(_clz.o)
 .debug_line    0x00000000       0x49 /opt/riscv/lib/gcc/riscv64-unknown-elf/15.1.0/rv32im/ilp32/libgcc.a(_clz.o)
 .debug_str     0x00000000      0x1c0 /opt/riscv/lib/gcc/riscv64-unknown-elf/15.1.0/rv32im/ilp32/libgcc.a(_clz.o)
 .debug_line_str
                0x00000000       0xb6 /opt/riscv/lib/gcc/riscv64-unknown-elf/15.1.0/rv32im/ilp32/libgcc.a(_clz.o)
 .comment       0x00000000       0x1c /opt/riscv/lib/gcc/riscv64-unknown-elf/15.1.0/rv32im/ilp32/libgcc.a(_clz.o)
 .note.GNU-stack
                0x00000000        0x0 /opt/riscv/lib/gcc/riscv64-unknown-elf/15.1.0/rv32im/ilp32/libgcc.a(_clz.o)
 .riscv.attributes
                0x00000000       0x2a /opt/riscv/lib/gcc/riscv64-unknown-elf/15.1.0/rv32im/ilp32/libgcc.a(_clz.o)

Memory Configuration

Name             Origin             Length             Attributes
ram              0x00000000         0x00010000
*default*        0x00000000         0xffffffff

Linker script and memory map

LOAD test_mul.o
LOAD polyvec.o
LOAD poly.o
LOAD ntt.o
LOAD reduce.o
LOAD fips202.o
LOAD sign.o
LOAD packing.o
LOAD rounding.o
LOAD symmetric-shake.o
LOAD ../../libs/soc/gpio.o
LOAD ../../libs/soc/timer.o
LOAD ../../libs/soc/uart.o
LOAD ../../libs/soc/utils.o
LOAD crt0.o
START GROUP
LOAD /opt/riscv/lib/gcc/riscv64-unknown-elf/15.1.0/../../../../riscv64-unknown-elf/lib/rv32im/ilp32/libc.a
LOAD /opt/riscv/lib/gcc/riscv64-unknown-elf/15.1.0/../../../../riscv64-unknown-elf/lib/rv32im/ilp32/libgloss.a
LOAD /opt/riscv/lib/gcc/riscv64-unknown-elf/15.1.0/rv32im/ilp32/libgcc.a
LOAD /opt/riscv/lib/gcc/riscv64-unknown-elf/15.1.0/../../../../riscv64-unknown-elf/lib/rv32im/ilp32/libsupc++.a
END GROUP
                0x00000000                        __DYNAMIC = 0x0
                0x00004000                        _min_stack = 0x4000
                0x0000fffc                        _stack_start = ((ORIGIN (ram) + LENGTH (ram)) - 0x4)

.vectors        0x00000000       0x8c
                0x00000000                        . = ALIGN (0x4)
 *(.vectors)
 .vectors       0x00000000       0x8c crt0.o

.text           0x0000008c     0x3e14
                0x0000008c                        . = ALIGN (0x4)
                0x0000008c                        _stext = .
 *(.text)
 .text          0x0000008c       0xb4 crt0.o
                0x00000114                _start
 .text          0x00000140       0xdc /opt/riscv/lib/gcc/riscv64-unknown-elf/15.1.0/../../../../riscv64-unknown-elf/lib/rv32im/ilp32/libc.a(libc_a-memset.o)
                0x00000140                memset
 *(.text.*)
 .text.main     0x0000021c       0xe0 test_mul.o
                0x0000021c                main
 .text.pqcrystals_dilithium2_ref_polyvec_matrix_expand
                0x000002fc       0xb0 polyvec.o
                0x000002fc                pqcrystals_dilithium2_ref_polyvec_matrix_expand
 .text.pqcrystals_dilithium2_ref_polyvecl_uniform_gamma1
                0x000003ac       0x74 polyvec.o
                0x000003ac                pqcrystals_dilithium2_ref_polyvecl_uniform_gamma1
 .text.pqcrystals_dilithium2_ref_polyvecl_reduce
                0x00000420       0x40 polyvec.o
                0x00000420                pqcrystals_dilithium2_ref_polyvecl_reduce
 .text.pqcrystals_dilithium2_ref_polyvecl_add
                0x00000460       0x68 polyvec.o
                0x00000460                pqcrystals_dilithium2_ref_polyvecl_add
 .text.pqcrystals_dilithium2_ref_polyvecl_ntt
                0x000004c8       0x40 polyvec.o
                0x000004c8                pqcrystals_dilithium2_ref_polyvecl_ntt
 .text.pqcrystals_dilithium2_ref_polyvecl_invntt_tomont
                0x00000508       0x40 polyvec.o
                0x00000508                pqcrystals_dilithium2_ref_polyvecl_invntt_tomont
 .text.pqcrystals_dilithium2_ref_polyvecl_pointwise_poly_montgomery
                0x00000548       0x68 polyvec.o
                0x00000548                pqcrystals_dilithium2_ref_polyvecl_pointwise_poly_montgomery
 .text.pqcrystals_dilithium2_ref_polyvecl_pointwise_acc_montgomery
                0x000005b0       0x8c polyvec.o
                0x000005b0                pqcrystals_dilithium2_ref_polyvecl_pointwise_acc_montgomery
 .text.pqcrystals_dilithium2_ref_polyvec_matrix_pointwise_montgomery
                0x0000063c       0x70 polyvec.o
                0x0000063c                pqcrystals_dilithium2_ref_polyvec_matrix_pointwise_montgomery
 .text.pqcrystals_dilithium2_ref_polyvecl_chknorm
                0x000006ac       0x5c polyvec.o
                0x000006ac                pqcrystals_dilithium2_ref_polyvecl_chknorm
 .text.pqcrystals_dilithium2_ref_polyveck_reduce
                0x00000708       0x40 polyvec.o
                0x00000708                pqcrystals_dilithium2_ref_polyveck_reduce
 .text.pqcrystals_dilithium2_ref_polyveck_caddq
                0x00000748       0x40 polyvec.o
                0x00000748                pqcrystals_dilithium2_ref_polyveck_caddq
 .text.pqcrystals_dilithium2_ref_polyveck_add
                0x00000788       0x68 polyvec.o
                0x00000788                pqcrystals_dilithium2_ref_polyveck_add
 .text.pqcrystals_dilithium2_ref_polyveck_sub
                0x000007f0       0x68 polyvec.o
                0x000007f0                pqcrystals_dilithium2_ref_polyveck_sub
 .text.pqcrystals_dilithium2_ref_polyveck_ntt
                0x00000858       0x40 polyvec.o
                0x00000858                pqcrystals_dilithium2_ref_polyveck_ntt
 .text.pqcrystals_dilithium2_ref_polyveck_invntt_tomont
                0x00000898       0x40 polyvec.o
                0x00000898                pqcrystals_dilithium2_ref_polyveck_invntt_tomont
 .text.pqcrystals_dilithium2_ref_polyveck_pointwise_poly_montgomery
                0x000008d8       0x68 polyvec.o
                0x000008d8                pqcrystals_dilithium2_ref_polyveck_pointwise_poly_montgomery
 .text.pqcrystals_dilithium2_ref_polyveck_chknorm
                0x00000940       0x5c polyvec.o
                0x00000940                pqcrystals_dilithium2_ref_polyveck_chknorm
 .text.pqcrystals_dilithium2_ref_polyveck_decompose
                0x0000099c       0x68 polyvec.o
                0x0000099c                pqcrystals_dilithium2_ref_polyveck_decompose
 .text.pqcrystals_dilithium2_ref_polyveck_make_hint
                0x00000a04       0x7c polyvec.o
                0x00000a04                pqcrystals_dilithium2_ref_polyveck_make_hint
 .text.pqcrystals_dilithium2_ref_polyveck_pack_w1
                0x00000a80       0x50 polyvec.o
                0x00000a80                pqcrystals_dilithium2_ref_polyveck_pack_w1
 .text.rej_uniform
                0x00000ad0       0x7c poly.o
 .text.pqcrystals_dilithium2_ref_poly_reduce
                0x00000b4c       0x40 poly.o
                0x00000b4c                pqcrystals_dilithium2_ref_poly_reduce
 .text.pqcrystals_dilithium2_ref_poly_caddq
                0x00000b8c       0x40 poly.o
                0x00000b8c                pqcrystals_dilithium2_ref_poly_caddq
 .text.pqcrystals_dilithium2_ref_poly_add
                0x00000bcc       0x30 poly.o
                0x00000bcc                pqcrystals_dilithium2_ref_poly_add
 .text.pqcrystals_dilithium2_ref_poly_sub
                0x00000bfc       0x30 poly.o
                0x00000bfc                pqcrystals_dilithium2_ref_poly_sub
 .text.pqcrystals_dilithium2_ref_poly_ntt
                0x00000c2c       0x18 poly.o
                0x00000c2c                pqcrystals_dilithium2_ref_poly_ntt
 .text.pqcrystals_dilithium2_ref_poly_invntt_tomont
                0x00000c44       0x18 poly.o
                0x00000c44                pqcrystals_dilithium2_ref_poly_invntt_tomont
 .text.pqcrystals_dilithium2_ref_poly_pointwise_montgomery
                0x00000c5c       0x94 poly.o
                0x00000c5c                pqcrystals_dilithium2_ref_poly_pointwise_montgomery
 .text.pqcrystals_dilithium2_ref_poly_decompose
                0x00000cf0       0x70 poly.o
                0x00000cf0                pqcrystals_dilithium2_ref_poly_decompose
 .text.pqcrystals_dilithium2_ref_poly_make_hint
                0x00000d60       0x88 poly.o
                0x00000d60                pqcrystals_dilithium2_ref_poly_make_hint
 .text.pqcrystals_dilithium2_ref_poly_chknorm
                0x00000de8       0x4c poly.o
                0x00000de8                pqcrystals_dilithium2_ref_poly_chknorm
 .text.pqcrystals_dilithium2_ref_poly_uniform
                0x00000e34      0x140 poly.o
                0x00000e34                pqcrystals_dilithium2_ref_poly_uniform
 .text.pqcrystals_dilithium2_ref_poly_challenge
                0x00000f74      0x1a4 poly.o
                0x00000f74                pqcrystals_dilithium2_ref_poly_challenge
 .text.pqcrystals_dilithium2_ref_polyeta_unpack
                0x00001118       0xe8 poly.o
                0x00001118                pqcrystals_dilithium2_ref_polyeta_unpack
 .text.pqcrystals_dilithium2_ref_polyt0_unpack
                0x00001200      0x194 poly.o
                0x00001200                pqcrystals_dilithium2_ref_polyt0_unpack
 .text.pqcrystals_dilithium2_ref_polyz_pack
                0x00001394       0x98 poly.o
                0x00001394                pqcrystals_dilithium2_ref_polyz_pack
 .text.pqcrystals_dilithium2_ref_polyz_unpack
                0x0000142c       0xf8 poly.o
                0x0000142c                pqcrystals_dilithium2_ref_polyz_unpack
 .text.pqcrystals_dilithium2_ref_poly_uniform_gamma1
                0x00001524       0x5c poly.o
                0x00001524                pqcrystals_dilithium2_ref_poly_uniform_gamma1
 .text.pqcrystals_dilithium2_ref_polyw1_pack
                0x00001580       0x70 poly.o
                0x00001580                pqcrystals_dilithium2_ref_polyw1_pack
 .text.pqcrystals_dilithium2_ref_ntt
                0x000015f0      0x15c ntt.o
                0x000015f0                pqcrystals_dilithium2_ref_ntt
 .text.pqcrystals_dilithium2_ref_invntt_tomont
                0x0000174c      0x178 ntt.o
                0x0000174c                pqcrystals_dilithium2_ref_invntt_tomont
 .text.pqcrystals_dilithium2_ref_montgomery_reduce
                0x000018c4       0x38 reduce.o
                0x000018c4                pqcrystals_dilithium2_ref_montgomery_reduce
 .text.pqcrystals_dilithium2_ref_reduce32
                0x000018fc       0x20 reduce.o
                0x000018fc                pqcrystals_dilithium2_ref_reduce32
 .text.pqcrystals_dilithium2_ref_caddq
                0x0000191c       0x18 reduce.o
                0x0000191c                pqcrystals_dilithium2_ref_caddq
 .text.load64   0x00001934       0x64 fips202.o
 .text.store64  0x00001998       0x48 fips202.o
 .text.KeccakF1600_StatePermute
                0x000019e0     0x14ac fips202.o
 .text.keccak_init
                0x00002e8c       0x28 fips202.o
 .text.keccak_absorb
                0x00002eb4      0x284 fips202.o
 .text.keccak_finalize
                0x00003138       0x70 fips202.o
 .text.keccak_squeezeblocks
                0x000031a8       0xb4 fips202.o
 .text.keccak_squeeze
                0x0000325c      0x23c fips202.o
 .text.pqcrystals_fips202_ref_shake128_init
                0x00003498       0x18 fips202.o
                0x00003498                pqcrystals_fips202_ref_shake128_init
 .text.pqcrystals_fips202_ref_shake128_absorb
                0x000034b0       0x38 fips202.o
                0x000034b0                pqcrystals_fips202_ref_shake128_absorb
 .text.pqcrystals_fips202_ref_shake128_finalize
                0x000034e8       0x34 fips202.o
                0x000034e8                pqcrystals_fips202_ref_shake128_finalize
 .text.pqcrystals_fips202_ref_shake128_squeezeblocks
                0x0000351c       0x1c fips202.o
                0x0000351c                pqcrystals_fips202_ref_shake128_squeezeblocks
 .text.pqcrystals_fips202_ref_shake256_init
                0x00003538       0x18 fips202.o
                0x00003538                pqcrystals_fips202_ref_shake256_init
 .text.pqcrystals_fips202_ref_shake256_absorb
                0x00003550       0x38 fips202.o
                0x00003550                pqcrystals_fips202_ref_shake256_absorb
 .text.pqcrystals_fips202_ref_shake256_finalize
                0x00003588       0x34 fips202.o
                0x00003588                pqcrystals_fips202_ref_shake256_finalize
 .text.pqcrystals_fips202_ref_shake256_squeezeblocks
                0x000035bc       0x1c fips202.o
                0x000035bc                pqcrystals_fips202_ref_shake256_squeezeblocks
 .text.pqcrystals_fips202_ref_shake256_squeeze
                0x000035d8       0x30 fips202.o
                0x000035d8                pqcrystals_fips202_ref_shake256_squeeze
 .text.pqcrystals_fips202_ref_shake256
                0x00003608       0x7c fips202.o
                0x00003608                pqcrystals_fips202_ref_shake256
 .text.pqcrystals_dilithium2_ref_signature
                0x00003684      0x410 sign.o
                0x00003684                pqcrystals_dilithium2_ref_signature
 .text.pqcrystals_dilithium2_ref
                0x00003a94       0x80 sign.o
                0x00003a94                pqcrystals_dilithium2_ref
 .text.pqcrystals_dilithium2_ref_upack_sk
                0x00003b14      0x100 packing.o
                0x00003b14                pqcrystals_dilithium2_ref_upack_sk
 .text.pqcrystals_dilithium2_ref_pack_sig
                0x00003c14      0x108 packing.o
                0x00003c14                pqcrystals_dilithium2_ref_pack_sig
 .text.pqcrystals_dilithium2_ref_decompose
                0x00003d1c       0x6c rounding.o
                0x00003d1c                pqcrystals_dilithium2_ref_decompose
 .text.pqcrystals_dilithium2_ref_make_hint
                0x00003d88       0x40 rounding.o
                0x00003d88                pqcrystals_dilithium2_ref_make_hint
 .text.pqcrystals_dilithium2_ref_dilithium_shake128_stream_init
                0x00003dc8       0x64 symmetric-shake.o
                0x00003dc8                pqcrystals_dilithium2_ref_dilithium_shake128_stream_init
 .text.pqcrystals_dilithium2_ref_dilithium_shake256_stream_init
                0x00003e2c       0x64 symmetric-shake.o
                0x00003e2c                pqcrystals_dilithium2_ref_dilithium_shake256_stream_init
                0x00003e90                        _etext = .
                0x00003e90                        __CTOR_LIST__ = .
                0x00003e90        0x4 LONG 0x0 (((__CTOR_END__ - __CTOR_LIST__) / 0x4) - 0x2)
 *(.ctors)
                0x00003e94        0x4 LONG 0x0
                0x00003e98                        __CTOR_END__ = .
                0x00003e98                        __DTOR_LIST__ = .
                0x00003e98        0x4 LONG 0x0 (((__DTOR_END__ - __DTOR_LIST__) / 0x4) - 0x2)
 *(.dtors)
                0x00003e9c        0x4 LONG 0x0
                0x00003ea0                        __DTOR_END__ = .
 *(.lit)
 *(.shdata)
                0x00003ea0                        . = ALIGN (0x4)
                0x00003ea0                        _endtext = .

.rodata         0x00003ea0      0x4c0
                0x00003ea0                        . = ALIGN (0x4)
 *(.rodata)
 *(.rodata.*)
 .rodata.zetas  0x00003ea0      0x400 ntt.o
 .rodata.KeccakF_RoundConstants
                0x000042a0       0xc0 fips202.o

.rela.dyn       0x00004360        0x0
 .rela.text     0x00004360        0x0 test_mul.o

.shbss          0x00004360        0x0
                0x00004360                        . = ALIGN (0x4)
 *(.shbss)

.data           0x00004360        0x0
                0x00004360                        . = ALIGN (0x4)
                0x00004360                        sdata = .
                0x00004360                        _sdata = .
 *(.data)
 *(.data.*)
                0x00004360                        edata = .
                0x00004360                        _edata = .

.bss            0x00004360        0x0
                0x00004360                        . = ALIGN (0x4)
                0x00004360                        _bss_start = .
 *(.bss)
 *(.bss.*)
 *(.sbss)
 *(.sbss.*)
 *(COMMON)
                0x00004360                        _bss_end = .

.stack          0x00004360     0x4000
                0x00004360                        . = ALIGN (0x4)
                0x00008360                        . = (. + _min_stack)
 *fill*         0x00004360     0x4000 
                0x00008360                        . = ALIGN (0x4)
                0x00008360                        stack = .
                0x00008360                        _stack = .

.stab
 *(.stab)

.stabstr
 *(.stabstr)
OUTPUT(test_mul.elf elf32-littleriscv)

.debug_info     0x00000000     0x59f5
 .debug_info    0x00000000      0x309 test_mul.o
 .debug_info    0x00000309      0xec1 polyvec.o
 .debug_info    0x000011ca     0x111a poly.o
 .debug_info    0x000022e4      0x235 ntt.o
 .debug_info    0x00002519      0x1b3 reduce.o
 .debug_info    0x000026cc     0x126e fips202.o
 .debug_info    0x0000393a     0x1584 sign.o
 .debug_info    0x00004ebe      0x61b packing.o
 .debug_info    0x000054d9      0x1e5 rounding.o
 .debug_info    0x000056be      0x314 symmetric-shake.o
 .debug_info    0x000059d2       0x23 crt0.o

.debug_abbrev   0x00000000     0x102e
 .debug_abbrev  0x00000000      0x17b test_mul.o
 .debug_abbrev  0x0000017b      0x206 polyvec.o
 .debug_abbrev  0x00000381      0x2a9 poly.o
 .debug_abbrev  0x0000062a      0x11d ntt.o
 .debug_abbrev  0x00000747       0xf2 reduce.o
 .debug_abbrev  0x00000839      0x286 fips202.o
 .debug_abbrev  0x00000abf      0x212 sign.o
 .debug_abbrev  0x00000cd1      0x14f packing.o
 .debug_abbrev  0x00000e20       0xe2 rounding.o
 .debug_abbrev  0x00000f02      0x11a symmetric-shake.o
 .debug_abbrev  0x0000101c       0x12 crt0.o

.debug_loclists
                0x00000000     0x4d77
 .debug_loclists
                0x00000000       0x38 test_mul.o
 .debug_loclists
                0x00000038      0xa3e polyvec.o
 .debug_loclists
                0x00000a76      0xe4e poly.o
 .debug_loclists
                0x000018c4      0x250 ntt.o
 .debug_loclists
                0x00001b14       0xf9 reduce.o
 .debug_loclists
                0x00001c0d     0x21b2 fips202.o
 .debug_loclists
                0x00003dbf      0x645 sign.o
 .debug_loclists
                0x00004404      0x708 packing.o
 .debug_loclists
                0x00004b0c      0x195 rounding.o
 .debug_loclists
                0x00004ca1       0xd6 symmetric-shake.o

.debug_aranges  0x00000000      0x450
 .debug_aranges
                0x00000000       0x20 test_mul.o
 .debug_aranges
                0x00000020       0xf8 polyvec.o
 .debug_aranges
                0x00000118      0x100 poly.o
 .debug_aranges
                0x00000218       0x28 ntt.o
 .debug_aranges
                0x00000240       0x38 reduce.o
 .debug_aranges
                0x00000278       0xc8 fips202.o
 .debug_aranges
                0x00000340       0x40 sign.o
 .debug_aranges
                0x00000380       0x48 packing.o
 .debug_aranges
                0x000003c8       0x38 rounding.o
 .debug_aranges
                0x00000400       0x28 symmetric-shake.o
 .debug_aranges
                0x00000428       0x28 crt0.o

.debug_rnglists
                0x00000000      0x336
 .debug_rnglists
                0x00000000       0x14 test_mul.o
 .debug_rnglists
                0x00000014       0xb8 polyvec.o
 .debug_rnglists
                0x000000cc       0xc7 poly.o
 .debug_rnglists
                0x00000193       0x1b ntt.o
 .debug_rnglists
                0x000001ae       0x31 reduce.o
 .debug_rnglists
                0x000001df       0x99 fips202.o
 .debug_rnglists
                0x00000278       0x30 sign.o
 .debug_rnglists
                0x000002a8       0x35 packing.o
 .debug_rnglists
                0x000002dd       0x25 rounding.o
 .debug_rnglists
                0x00000302       0x19 symmetric-shake.o
 .debug_rnglists
                0x0000031b       0x1b crt0.o

.debug_line     0x00000000     0x674f
 .debug_line    0x00000000      0x15e test_mul.o
 .debug_line    0x0000015e      0xd47 polyvec.o
 .debug_line    0x00000ea5     0x1c1c poly.o
 .debug_line    0x00002ac1      0x38c ntt.o
 .debug_line    0x00002e4d      0x196 reduce.o
 .debug_line    0x00002fe3     0x232d fips202.o
 .debug_line    0x00005310      0x79a sign.o
 .debug_line    0x00005aaa      0x7b6 packing.o
 .debug_line    0x00006260      0x258 rounding.o
 .debug_line    0x000064b8      0x134 symmetric-shake.o
 .debug_line    0x000065ec      0x163 crt0.o

.debug_str      0x00000000     0x11e1
 .debug_str     0x00000000     0x11e1 test_mul.o
                                0x1e6 (size before relaxing)
 .debug_str     0x000011e1      0x96e polyvec.o
 .debug_str     0x000011e1      0x8f8 poly.o
 .debug_str     0x000011e1      0x1d1 ntt.o
 .debug_str     0x000011e1      0x1de reduce.o
 .debug_str     0x000011e1      0x451 fips202.o
 .debug_str     0x000011e1      0x8f2 sign.o
 .debug_str     0x000011e1      0x377 packing.o
 .debug_str     0x000011e1      0x1d2 rounding.o
 .debug_str     0x000011e1      0x2f1 symmetric-shake.o
 .debug_str     0x000011e1       0x3b crt0.o

.debug_line_str
                0x00000000      0x1c7
 .debug_line_str
                0x00000000      0x1c7 test_mul.o
                                0x10f (size before relaxing)
 .debug_line_str
                0x000001c7       0xb8 polyvec.o
 .debug_line_str
                0x000001c7      0x11a poly.o
 .debug_line_str
                0x000001c7       0xac ntt.o
 .debug_line_str
                0x000001c7       0xa6 reduce.o
 .debug_line_str
                0x000001c7       0xfb fips202.o
 .debug_line_str
                0x000001c7      0x116 sign.o
 .debug_line_str
                0x000001c7       0xb8 packing.o
 .debug_line_str
                0x000001c7       0xa8 rounding.o
 .debug_line_str
                0x000001c7       0xf8 symmetric-shake.o
 .debug_line_str
                0x000001c7       0x2f crt0.o

.comment        0x00000000       0x1b
 .comment       0x00000000       0x1b test_mul.o
                                 0x1c (size before relaxing)
 .comment       0x0000001b       0x1c polyvec.o
 .comment       0x0000001b       0x1c poly.o
 .comment       0x0000001b       0x1c ntt.o
 .comment       0x0000001b       0x1c reduce.o
 .comment       0x0000001b       0x1c fips202.o
 .comment       0x0000001b       0x1c sign.o
 .comment       0x0000001b       0x1c packing.o
 .comment       0x0000001b       0x1c rounding.o
 .comment       0x0000001b       0x1c symmetric-shake.o

.note.GNU-stack
                0x00000000        0x0
 .note.GNU-stack
                0x00000000        0x0 test_mul.o
 .note.GNU-stack
                0x00000000        0x0 polyvec.o
 .note.GNU-stack
                0x00000000        0x0 poly.o
 .note.GNU-stack
                0x00000000        0x0 ntt.o
 .note.GNU-stack
                0x00000000        0x0 reduce.o
 .note.GNU-stack
                0x00000000        0x0 fips202.o
 .note.GNU-stack
                0x00000000        0x0 sign.o
 .note.GNU-stack
                0x00000000        0x0 packing.o
 .note.GNU-stack
                0x00000000        0x0 rounding.o
 .note.GNU-stack
                0x00000000        0x0 symmetric-shake.o

.riscv.attributes
                0x00000000       0x37
 .riscv.attributes
                0x00000000       0x33 test_mul.o
 .riscv.attributes
                0x00000033       0x33 polyvec.o
 .riscv.attributes
                0x00000066       0x33 poly.o
 .riscv.attributes
                0x00000099       0x33 ntt.o
 .riscv.attributes
                0x000000cc       0x33 reduce.o
 .riscv.attributes
                0x000000ff       0x33 fips202.o
 .riscv.attributes
                0x00000132       0x33 sign.o
 .riscv.attributes
                0x00000165       0x33 packing.o
 .riscv.attributes
                0x00000198       0x33 rounding.o
 .riscv.attributes
                0x000001cb       0x33 symmetric-shake.o
 .riscv.attributes
                0x000001fe       0x31 crt0.o
 .riscv.attributes
                0x0000022f       0x28 /opt/riscv/lib/gcc/riscv64-unknown-elf/15.1.0/../../../../riscv64-unknown-elf/lib/rv32im/ilp32/libc.a(libc_a-memset.o)

.debug_frame    0x00000000     0x1038
 .debug_frame   0x00000000       0x40 test_mul.o
 .debug_frame   0x00000040      0x4d0 polyvec.o
 .debug_frame   0x00000510      0x394 poly.o
 .debug_frame   0x000008a4       0xac ntt.o
 .debug_frame   0x00000950       0x5c reduce.o
 .debug_frame   0x000009ac      0x358 fips202.o
 .debug_frame   0x00000d04      0x14c sign.o
 .debug_frame   0x00000e50      0x12c packing.o
 .debug_frame   0x00000f7c       0x64 rounding.o
 .debug_frame   0x00000fe0       0x58 symmetric-shake.o
